2024-10-26 17:43:59.137 [info] Log level: Info
2024-10-26 17:43:59.137 [info] Validating found git in: "git"
2024-10-26 17:43:59.137 [info] Using git "2.39.2" from "git"
2024-10-26 17:43:59.137 [info] > git rev-parse --show-toplevel [8ms]
2024-10-26 17:43:59.137 [info] fatal: not a git repository (or any of the parent directories): .git
2024-10-26 17:43:59.138 [info] > git rev-parse --show-toplevel [2ms]
2024-10-26 17:43:59.138 [info] fatal: not a git repository (or any of the parent directories): .git
2024-10-26 17:43:59.138 [info] > git rev-parse --show-toplevel [2ms]
2024-10-26 17:43:59.138 [info] fatal: not a git repository (or any of the parent directories): .git
2024-10-26 17:43:59.138 [info] > git rev-parse --show-toplevel [2ms]
2024-10-26 17:43:59.139 [info] fatal: not a git repository (or any of the parent directories): .git
2024-10-26 18:03:09.422 [info] > git rev-parse --show-toplevel [4ms]
2024-10-26 18:03:09.434 [info] > git rev-parse --git-dir --git-common-dir [3ms]
2024-10-26 18:03:09.464 [info] Open repository: /home/ec2-user
2024-10-26 18:03:09.482 [info] No remotes found in the git config file.
2024-10-26 18:03:09.483 [info] > git config --get commit.template [8ms]
2024-10-26 18:03:09.486 [info] > git for-each-ref --format=%(refname)%00%(upstream:short)%00%(objectname)%00%(upstream:track)%00%(upstream:remotename)%00%(upstream:remoteref) refs/heads/master refs/remotes/master [6ms]
2024-10-26 18:03:09.486 [warning] No such branch: master.
2024-10-26 18:03:09.529 [info] > git status -z -uall [38ms]
2024-10-26 18:03:10.457 [info] > git for-each-ref --format=%(refname)%00%(upstream:short)%00%(objectname)%00%(upstream:track)%00%(upstream:remotename)%00%(upstream:remoteref) refs/heads/master refs/remotes/master [901ms]
2024-10-26 18:03:10.458 [warning] No such branch: master.
2024-10-26 18:03:10.461 [info] > git config --get commit.template [129ms]
2024-10-26 18:03:10.466 [info] No remotes found in the git config file.
2024-10-26 18:03:10.467 [info] > git for-each-ref --format=%(refname)%00%(upstream:short)%00%(objectname)%00%(upstream:track)%00%(upstream:remotename)%00%(upstream:remoteref) refs/heads/master refs/remotes/master [2ms]
2024-10-26 18:03:10.468 [warning] No such branch: master.
2024-10-26 18:03:10.501 [info] > git status -z -uall [30ms]
2024-10-26 18:03:10.575 [info] > git for-each-ref --format=%(refname)%00%(upstream:short)%00%(objectname)%00%(upstream:track)%00%(upstream:remotename)%00%(upstream:remoteref) refs/heads/master refs/remotes/master [52ms]
2024-10-26 18:03:10.576 [warning] No such branch: master.
2024-10-26 18:03:11.046 [info] > git check-ignore -v -z --stdin [29ms]
