2024-10-26 17:59:02.863 [info] Log level: Info
2024-10-26 17:59:02.863 [info] Validating found git in: "git"
2024-10-26 17:59:02.863 [info] Using git "2.39.2" from "git"
2024-10-26 17:59:02.863 [info] > git rev-parse --show-toplevel [10ms]
2024-10-26 17:59:02.863 [info] fatal: not a git repository (or any of the parent directories): .git
2024-10-26 17:59:02.867 [info] > git rev-parse --show-toplevel [7ms]
2024-10-26 17:59:02.868 [info] fatal: not a git repository (or any of the parent directories): .git
2024-10-26 17:59:02.900 [info] > git rev-parse --show-toplevel [29ms]
2024-10-26 17:59:02.901 [info] fatal: not a git repository (or any of the parent directories): .git
2024-10-26 17:59:02.978 [info] > git rev-parse --show-toplevel [61ms]
2024-10-26 17:59:02.979 [info] fatal: not a git repository (or any of the parent directories): .git
2024-10-26 18:03:09.450 [info] > git rev-parse --show-toplevel [3ms]
2024-10-26 18:03:09.460 [info] > git rev-parse --git-dir --git-common-dir [4ms]
2024-10-26 18:03:09.495 [info] Open repository: /home/ec2-user
2024-10-26 18:03:09.513 [info] No remotes found in the git config file.
2024-10-26 18:03:09.514 [info] > git config --get commit.template [9ms]
2024-10-26 18:03:09.517 [info] > git for-each-ref --format=%(refname)%00%(upstream:short)%00%(objectname)%00%(upstream:track)%00%(upstream:remotename)%00%(upstream:remoteref) refs/heads/master refs/remotes/master [6ms]
2024-10-26 18:03:09.519 [warning] No such branch: master.
2024-10-26 18:03:09.561 [info] > git status -z -uall [35ms]
2024-10-26 18:03:10.269 [info] > git for-each-ref --format=%(refname)%00%(upstream:short)%00%(objectname)%00%(upstream:track)%00%(upstream:remotename)%00%(upstream:remoteref) refs/heads/master refs/remotes/master [669ms]
2024-10-26 18:03:10.269 [warning] No such branch: master.
2024-10-26 18:03:10.298 [info] > git config --get commit.template [51ms]
2024-10-26 18:03:10.308 [info] No remotes found in the git config file.
2024-10-26 18:03:10.330 [info] > git for-each-ref --format=%(refname)%00%(upstream:short)%00%(objectname)%00%(upstream:track)%00%(upstream:remotename)%00%(upstream:remoteref) refs/heads/master refs/remotes/master [21ms]
2024-10-26 18:03:10.330 [warning] No such branch: master.
2024-10-26 18:03:10.364 [info] > git status -z -uall [29ms]
2024-10-26 18:03:10.429 [info] > git for-each-ref --format=%(refname)%00%(upstream:short)%00%(objectname)%00%(upstream:track)%00%(upstream:remotename)%00%(upstream:remoteref) refs/heads/master refs/remotes/master [53ms]
2024-10-26 18:03:10.429 [warning] No such branch: master.
2024-10-26 18:03:10.951 [info] > git check-ignore -v -z --stdin [3ms]
2024-10-26 18:03:41.811 [info] > git check-ignore -v -z --stdin [6ms]
