2024-10-26 17:43:56.517 [info] Extension host with pid 27684 started
2024-10-26 17:43:56.552 [info] Lock '/home/ec2-user/.vscode-server/data/User/workspaceStorage/a0f6c2fb1c04685da69e28ecebe40e6e/vscode.lock': Lock acquired.
2024-10-26 17:43:57.448 [info] ExtensionService#_doActivateExtension vscode.git-base, startup: true, activationEvent: '*', root cause: vscode.git
2024-10-26 17:43:57.686 [info] ExtensionService#_doActivateExtension vscode.tunnel-forwarding, startup: false, activationEvent: 'onTunnel'
2024-10-26 17:43:57.704 [info] ExtensionService#_doActivateExtension vscode.git, startup: true, activationEvent: '*'
2024-10-26 17:43:57.707 [info] ExtensionService#_doActivateExtension vscode.github, startup: true, activationEvent: '*'
2024-10-26 17:43:58.231 [info] Eager extensions activated
2024-10-26 17:43:58.231 [info] ExtensionService#_doActivateExtension vscode.debug-auto-launch, startup: false, activationEvent: 'onStartupFinished'
2024-10-26 17:43:58.232 [info] ExtensionService#_doActivateExtension vscode.merge-conflict, startup: false, activationEvent: 'onStartupFinished'
2024-10-26 18:03:09.630 [warning] [Decorations] CAPPING events from decorations provider vscode.git 1301
2024-10-26 18:03:10.383 [info] ExtensionService#_doActivateExtension vscode.emmet, startup: false, activationEvent: 'onLanguage'
2024-10-26 18:03:10.558 [warning] [Decorations] CAPPING events from decorations provider vscode.git 1301
2024-10-26 18:03:11.460 [error] Error: No such branch: master.
	at F.getBranch (/home/ec2-user/.vscode-server/cli/servers/Stable-f1e16e1e6214d7c44d078b1f0607b2388f29d729/server/extensions/git/dist/main.js:2:935457)
	at async T.retryRun (/home/ec2-user/.vscode-server/cli/servers/Stable-f1e16e1e6214d7c44d078b1f0607b2388f29d729/server/extensions/git/dist/main.js:2:1028191)
	at async T.run (/home/ec2-user/.vscode-server/cli/servers/Stable-f1e16e1e6214d7c44d078b1f0607b2388f29d729/server/extensions/git/dist/main.js:2:1027795)
	at async T.getBranch (/home/ec2-user/.vscode-server/cli/servers/Stable-f1e16e1e6214d7c44d078b1f0607b2388f29d729/server/extensions/git/dist/main.js:2:1016176)
	at async T.getBranchBase (/home/ec2-user/.vscode-server/cli/servers/Stable-f1e16e1e6214d7c44d078b1f0607b2388f29d729/server/extensions/git/dist/main.js:2:1016462)
	at async t.GitHistoryProvider.resolveHEADMergeBase (/home/ec2-user/.vscode-server/cli/servers/Stable-f1e16e1e6214d7c44d078b1f0607b2388f29d729/server/extensions/git/dist/main.js:2:945925)
	at async t.GitHistoryProvider.onDidRunGitStatus (/home/ec2-user/.vscode-server/cli/servers/Stable-f1e16e1e6214d7c44d078b1f0607b2388f29d729/server/extensions/git/dist/main.js:2:940157)
2024-10-26 18:03:11.577 [error] Error: No such branch: master.
	at F.getBranch (/home/ec2-user/.vscode-server/cli/servers/Stable-f1e16e1e6214d7c44d078b1f0607b2388f29d729/server/extensions/git/dist/main.js:2:935457)
	at async T.retryRun (/home/ec2-user/.vscode-server/cli/servers/Stable-f1e16e1e6214d7c44d078b1f0607b2388f29d729/server/extensions/git/dist/main.js:2:1028191)
	at async T.run (/home/ec2-user/.vscode-server/cli/servers/Stable-f1e16e1e6214d7c44d078b1f0607b2388f29d729/server/extensions/git/dist/main.js:2:1027795)
	at async T.getBranch (/home/ec2-user/.vscode-server/cli/servers/Stable-f1e16e1e6214d7c44d078b1f0607b2388f29d729/server/extensions/git/dist/main.js:2:1016176)
	at async T.getBranchBase (/home/ec2-user/.vscode-server/cli/servers/Stable-f1e16e1e6214d7c44d078b1f0607b2388f29d729/server/extensions/git/dist/main.js:2:1016462)
	at async t.GitHistoryProvider.resolveHEADMergeBase (/home/ec2-user/.vscode-server/cli/servers/Stable-f1e16e1e6214d7c44d078b1f0607b2388f29d729/server/extensions/git/dist/main.js:2:945925)
	at async t.GitHistoryProvider.onDidRunGitStatus (/home/ec2-user/.vscode-server/cli/servers/Stable-f1e16e1e6214d7c44d078b1f0607b2388f29d729/server/extensions/git/dist/main.js:2:940157)
